PS C:\Users\wkypy> cd desktop/de 

PS C:\Users\wkypy\Desktop\DE> mkdir git_challenge

    Directory: C:\Users\wkypy\Desktop\DE

Mode                 LastWriteTime         Length Name
----                 -------------         ------ ----
d----          2025/06/07    15:50                git_challenge

PS C:\Users\wkypy\Desktop\DE> cd git_challenge

PS C:\Users\wkypy\Desktop\DE\git_challenge> git init
Initialized empty Git repository in C:/Users/wkypy/Desktop/DE/git_challenge/.git/

PS C:\Users\wkypy\Desktop\DE\git_challenge> echo "Hello, world!" >> hell_world.txt

PS C:\Users\wkypy\Desktop\DE\git_challenge> echo "Hello, world!" >> hello_world.txt

PS C:\Users\wkypy\Desktop\DE\git_challenge> git add hello_world.txt

PS C:\Users\wkypy\Desktop\DE\git_challenge> git commit -m "hello_world.txtを追加"
[main (root-commit) d7133c8] hello_world.txtを追加
 1 file changed, 1 insertion(+)
 create mode 100644 hello_world.txt

PS C:\Users\wkypy\Desktop\DE\git_challenge> echo "こんにちわ、世界！" >> hello_world.txt

PS C:\Users\wkypy\Desktop\DE\git_challenge> git add hello_world.txt                     

PS C:\Users\wkypy\Desktop\DE\git_challenge> git commit -m "日本語訳を追記"              
[main dd58e5e] 日本語訳を追記
 1 file changed, 1 insertion(+)

PS C:\Users\wkypy\Desktop\DE\git_challenge> git log --oneline
dd58e5e (HEAD -> main) 日本語訳を追記
d7133c8 hello_world.txtを追加